// Vitest Snapshot v1, https://vitest.dev/guide/snapshot.html

exports[`inline-template-fixer > should generate the expected inline template fixer result 1`] = `
"
import { Component } from '@angular/core';

@Component({
  template: \`
    <div></div> <!-- no autofocus -->
    {{ '' }} <!-- no-distracting-elements -->
    <div></div> <!-- table-scope -->
  \`
})
export class TestComponent {}
"
`;

exports[`inline-template-fixer > should generate the expected inline template fixer result 2`] = `
{
  "@angular/build": "^21.X.X",
  "@angular/cli": "^21.X.X",
  "@angular/compiler-cli": "^21.X.X",
  "@eslint/js": "^10.0.1",
  "angular-eslint": "0.0.0-e2e",
  "eslint": "^10.3.0",
  "jsdom": "^28.0.0",
  "prettier": "^3.8.1",
  "typescript": "~5.X.X",
  "typescript-eslint": "8.59.2",
  "vitest": "^4.0.8"
}
`;
