// Vitest Snapshot v1, https://vitest.dev/guide/snapshot.html

exports[`inline-template-fixer > should generate the expected inline template fixer result 1`] = `
"
import { Component } from '@angular/core';

@Component({
  template: \`
    <div></div> <!-- no autofocus -->
    {{ '' }} <!-- no-distracting-elements -->
    <div></div> <!-- table-scope -->
  \`
})
export class TestComponent {}
"
`;

exports[`inline-template-fixer > should generate the expected inline template fixer result 2`] = `
{
  "@angular/build": "^21.X.X",
  "@angular/cli": "^21.X.X",
  "@angular/compiler-cli": "^21.X.X",
  "angular-eslint": "0.0.0-e2e",
  "eslint": "^9.39.1",
  "jsdom": "^27.1.0",
  "typescript": "~5.X.X",
  "typescript-eslint": "8.46.4"
  "vitest": "^4.0.8"
}
`;
